------------------------------------------------------------
Timing Analyzer Summary
------------------------------------------------------------

Type  : Slow 1100mV 85C Model Setup 'CLK_BTN'
Slack : -5.178
TNS   : -39.166

Type  : Slow 1100mV 85C Model Hold 'CLK_BTN'
Slack : 0.449
TNS   : 0.000

Type  : Slow 1100mV 85C Model Minimum Pulse Width 'CLK_BTN'
Slack : -2.225
TNS   : -27.293

Type  : Slow 1100mV 0C Model Setup 'CLK_BTN'
Slack : -5.427
TNS   : -40.937

Type  : Slow 1100mV 0C Model Hold 'CLK_BTN'
Slack : 0.452
TNS   : 0.000

Type  : Slow 1100mV 0C Model Minimum Pulse Width 'CLK_BTN'
Slack : -2.225
TNS   : -27.400

Type  : Fast 1100mV 85C Model Setup 'CLK_BTN'
Slack : -1.779
TNS   : -13.506

Type  : Fast 1100mV 85C Model Hold 'CLK_BTN'
Slack : 0.217
TNS   : 0.000

Type  : Fast 1100mV 85C Model Minimum Pulse Width 'CLK_BTN'
Slack : -1.702
TNS   : -12.249

Type  : Fast 1100mV 0C Model Setup 'CLK_BTN'
Slack : -1.619
TNS   : -12.414

Type  : Fast 1100mV 0C Model Hold 'CLK_BTN'
Slack : 0.202
TNS   : 0.000

Type  : Fast 1100mV 0C Model Minimum Pulse Width 'CLK_BTN'
Slack : -1.702
TNS   : -12.204

------------------------------------------------------------
